

”   M<+   ÿÿÿÿÿÿÿÿ  section header block      x86_64    Darwin 16.0.0    3 tcpdump (libpcap version 1.7.4 - Apple version 67)      ”                   lo0            €       = å;"7L   L      `¼  @                              èV'sŸÓñx~Ë€1½ (  
6›¿Ö6š¡Ù     €         €     €4   óM    java      ¦PàF[+>(ˆ>"Ùõ»û    4      ˆ       = <"7L   L      `¼  @                              èV'sŸÓñx~Ë€1½ (  
6›¿Ö6š¡Ù€          €         ˆ      €       = …<"7L   L      `û  @                              'èVñx~ËsŸÔ€1Á (  
6›¿Ö6›¿Ö     €         €     €0   ĞU          ¬[g±>@…i¢=2$V    0      ˆ       = ‰<"7L   L      `û  @                              'èVñx~ËsŸÔ€1Á (  
6›¿Ö6›¿Ö€         €         ˆ     €8   V    APIExample    ¬[g±>@…i¢=2$V    8      ”       = uu7X   X      `5 ,@                              èÈ'ØĞë—    °ÿÿ 4  ?Ä
6›Ôú      €         €         ”      Œ       = ƒu7X   X      `5 ,@                              èÈ'ØĞë—    °ÿÿ 4  ?Ä
6›Ôú           €         Œ      ”       = äu7X   X      `È| ,@                              'èÈuPéUØĞë˜°ÿÿ 4  ?Ä
6›Ôú6›Ôú  €          €         ”      ”       = êu7X   X      `È| ,@                              'èÈuPéUØĞë˜°ÿÿ 4  ?Ä
6›Ôú6›Ôú  €         €         ”      ˆ       = ıu7L   L      `5  @                              èÈ'ØĞë˜uPéV€1Ç (  
6›Ôú6›Ôú€         €         ˆ      ˆ       = u7L   L      `5  @                              èÈ'ØĞë˜uPéV€1Ç (  
6›Ôú6›Ôú€          €         ˆ      ˆ       = u7L   L      `È|  @                              'èÈuPéVØĞë˜€1Ç (  
6›Ôú6›Ôú€          €         ˆ      ˆ       = u7L   L      `È|  @                              'èÈuPéVØĞë˜€1Ç (  
6›Ôú6›Ôú€         €         ˆ      P      = áµu7       `5 ç@                              èÈ'ØĞë˜uPéV€1Ç ï  
6›Õ6›ÔúGET /customer HTTP/1.1
Host: localhost:9999
Accept: */*
Accept-Language: en-us
Connection: keep-alive
Accept-Encoding: gzip, deflate
User-Agent: APIExample/1 CFNetwork/808.0.2 Darwin/16.0.0

 €         €         P     P      = òµu7       `5 ç@                              èÈ'ØĞë˜uPéV€1Ç ï  
6›Õ6›ÔúGET /customer HTTP/1.1
Host: localhost:9999
Accept: */*
Accept-Language: en-us
Connection: keep-alive
Accept-Encoding: gzip, deflate
User-Agent: APIExample/1 CFNetwork/808.0.2 Darwin/16.0.0

 €          €         P     ˆ       = ¶u7L   L      `È|  @                              'èÈuPéVØĞì_€1Á (  
6›Õ6›Õ€          €         ˆ      ˆ       = ¶u7L   L      `È|  @                              'èÈuPéVØĞì_€1Á (  
6›Õ6›Õ€         €         ˆ      Ô      = ïu7–  –     `È|j@                              'èÈuPéVØĞì_€1Ár  
6›Õ6›ÕHTTP/1.1 200 OK
Date: Wed, 21 Sep 2016 14:18:18 GMT
Content-Type: application/json
Content-Encoding: gzip
Vary: Accept-Encoding
Content-Length: 174

‹       …±
Â0@¥ÜÜ–´±Fœœ\„®‚âp˜-¶IIJÿİd39Üòî÷îoP£u¾Ç™à½4¡„	¿è2‰ÑŒãNÎÉó2QåŒò-ÕOS¯ÉZ£Ó;ğJÄéç£”–œ‹‹†í‹+iŒõlep¶¨_y@od õoƒJÚÿÿ3VµLì²†¶kXq‹RÑpØìşt    €          €         Ô     Ô      = *ïu7–  –     `È|j@                              'èÈuPéVØĞì_€1Ár  
6›Õ6›ÕHTTP/1.1 200 OK
Date: Wed, 21 Sep 2016 14:18:18 GMT
Content-Type: application/json
Content-Encoding: gzip
Vary: Accept-Encoding
Content-Length: 174

‹       …±
Â0@¥ÜÜ–´±Fœœ\„®‚âp˜-¶IIJÿİd39Üòî÷îoP£u¾Ç™à½4¡„	¿è2‰ÑŒãNÎÉó2QåŒò-ÕOS¯ÉZ£Ó;ğJÄéç£”–œ‹‹†í‹+iŒõlep¶¨_y@od õoƒJÚÿÿ3VµLì²†¶kXq‹RÑpØìşt    €         €         Ô     ˆ       = Hïu7L   L      `5  @                              èÈ'ØĞì_uPê €1½ (  
6›Õ6›Õ€         €         ˆ      ˆ       = Mïu7L   L      `5  @                              èÈ'ØĞì_uPê €1½ (  
6›Õ6›Õ€          €         ˆ   